// Jest Snapshot v1, https://goo.gl/fbAQLP

exports[`check list items generate snapshot for listitems 1`] = `ShallowWrapper {}`;
