// Jest Snapshot v1, https://goo.gl/fbAQLP

exports[`check GenderView component generate snapshot for genderView component 1`] = `ShallowWrapper {}`;
