// Jest Snapshot v1, https://goo.gl/fbAQLP

exports[`check sort button component genrate snapshot for sort button component 1`] = `ShallowWrapper {}`;
