// Jest Snapshot v1, https://goo.gl/fbAQLP

exports[`check search component generate snapshot for search component 1`] = `ShallowWrapper {}`;
