// Jest Snapshot v1, https://goo.gl/fbAQLP

exports[`check chevron component generate snapshot for chevron component 1`] = `ShallowWrapper {}`;
