// Jest Snapshot v1, https://goo.gl/fbAQLP

exports[`check accordion component generate snapshot 1`] = `ShallowWrapper {}`;
