// Jest Snapshot v1, https://goo.gl/fbAQLP

exports[`check footer component generate snapshot for footer component 1`] = `ShallowWrapper {}`;
