// Jest Snapshot v1, https://goo.gl/fbAQLP

exports[`check species component generate snapshot for species component 1`] = `ShallowWrapper {}`;
