// Jest Snapshot v1, https://goo.gl/fbAQLP

exports[`check origin component generate snapshot for origin component 1`] = `ShallowWrapper {}`;
