// Jest Snapshot v1, https://goo.gl/fbAQLP

exports[`check list item component generate snapshot 1`] = `ShallowWrapper {}`;
