// Jest Snapshot v1, https://goo.gl/fbAQLP

exports[`App component snapshot testing for app component 1`] = `ShallowWrapper {}`;
