// Jest Snapshot v1, https://goo.gl/fbAQLP

exports[`check checkbox component generate snapshot for checkbox component 1`] = `ShallowWrapper {}`;
